// Jest Snapshot v1, https://goo.gl/fbAQLP

exports[`WeatherCurrent renders without crashing and displays weather data 1`] = `
<DocumentFragment>
  <div
    class="MuiBox-root css-eksn94"
  >
    <div
      class="MuiStack-root css-1fdhh1r-MuiStack-root"
    >
      <span
        class="MuiTypography-root MuiTypography-h3 MuiTypography-gutterBottom css-1kejgzr-MuiTypography-root"
      >
        20°C
      </span>
      <div
        class="MuiStack-root css-fb11zo-MuiStack-root"
      >
        <div
          class="MuiStack-root css-8og1hd-MuiStack-root"
        >
          <svg
            aria-hidden="true"
            class="MuiSvgIcon-root MuiSvgIcon-fontSizeMedium css-7l7r9c-MuiSvgIcon-root"
            data-testid="AccessTimeIcon"
            focusable="false"
            viewBox="0 0 24 24"
          >
            <path
              d="M11.99 2C6.47 2 2 6.48 2 12s4.47 10 9.99 10C17.52 22 22 17.52 22 12S17.52 2 11.99 2M12 20c-4.42 0-8-3.58-8-8s3.58-8 8-8 8 3.58 8 8-3.58 8-8 8"
            />
            <path
              d="M12.5 7H11v6l5.25 3.15.75-1.23-4.5-2.67z"
            />
          </svg>
          <span
            class="MuiTypography-root MuiTypography-body1 MuiTypography-gutterBottom css-zt1oku-MuiTypography-root"
          >
            Mocked Date
          </span>
        </div>
        <div
          class="MuiStack-root css-8og1hd-MuiStack-root"
        >
          <svg
            aria-hidden="true"
            class="MuiSvgIcon-root MuiSvgIcon-fontSizeMedium css-7l7r9c-MuiSvgIcon-root"
            data-testid="FmdGoodIcon"
            focusable="false"
            viewBox="0 0 24 24"
          >
            <path
              d="M12 2c-4.2 0-8 3.22-8 8.2 0 3.32 2.67 7.25 8 11.8 5.33-4.55 8-8.48 8-11.8C20 5.22 16.2 2 12 2m0 10c-1.1 0-2-.9-2-2s.9-2 2-2 2 .9 2 2-.9 2-2 2"
            />
          </svg>
          <span
            class="MuiTypography-root MuiTypography-body1 MuiTypography-gutterBottom css-zt1oku-MuiTypography-root"
          >
            45N, 90E
          </span>
        </div>
      </div>
    </div>
    <hr
      class="MuiDivider-root MuiDivider-fullWidth css-ctpjxq-MuiDivider-root"
    />
    <div
      class="MuiStack-root css-1fdhh1r-MuiStack-root"
    >
      <div
        class="MuiStack-root css-8og1hd-MuiStack-root"
      >
        <svg
          aria-hidden="true"
          class="MuiSvgIcon-root MuiSvgIcon-fontSizeMedium css-7l7r9c-MuiSvgIcon-root"
          data-testid="ThermostatIcon"
          focusable="false"
          viewBox="0 0 24 24"
        >
          <path
            d="M15 13V5c0-1.66-1.34-3-3-3S9 3.34 9 5v8c-1.21.91-2 2.37-2 4 0 2.76 2.24 5 5 5s5-2.24 5-5c0-1.63-.79-3.09-2-4m-4-2V5c0-.55.45-1 1-1s1 .45 1 1v1h-1v1h1v2h-1v1h1v1z"
          />
        </svg>
        <span
          class="MuiTypography-root MuiTypography-body1 MuiTypography-gutterBottom css-zt1oku-MuiTypography-root"
        >
          20°C
        </span>
      </div>
      <div
        class="MuiStack-root css-8og1hd-MuiStack-root"
      >
        <svg
          aria-hidden="true"
          class="MuiSvgIcon-root MuiSvgIcon-fontSizeMedium css-7l7r9c-MuiSvgIcon-root"
          data-testid="AirIcon"
          focusable="false"
          viewBox="0 0 24 24"
        >
          <path
            d="M14.5 17c0 1.65-1.35 3-3 3s-3-1.35-3-3h2c0 .55.45 1 1 1s1-.45 1-1-.45-1-1-1H2v-2h9.5c1.65 0 3 1.35 3 3M19 6.5C19 4.57 17.43 3 15.5 3S12 4.57 12 6.5h2c0-.83.67-1.5 1.5-1.5s1.5.67 1.5 1.5S16.33 8 15.5 8H2v2h13.5c1.93 0 3.5-1.57 3.5-3.5m-.5 4.5H2v2h16.5c.83 0 1.5.67 1.5 1.5s-.67 1.5-1.5 1.5v2c1.93 0 3.5-1.57 3.5-3.5S20.43 11 18.5 11"
          />
        </svg>
        <span
          class="MuiTypography-root MuiTypography-body1 MuiTypography-gutterBottom css-zt1oku-MuiTypography-root"
        >
          5km/h
        </span>
      </div>
      <div
        class="MuiStack-root css-8og1hd-MuiStack-root"
      >
        <svg
          aria-hidden="true"
          class="MuiSvgIcon-root MuiSvgIcon-fontSizeMedium css-7l7r9c-MuiSvgIcon-root"
          data-testid="OpacityIcon"
          focusable="false"
          viewBox="0 0 24 24"
        >
          <path
            d="M17.66 8 12 2.35 6.34 8C4.78 9.56 4 11.64 4 13.64s.78 4.11 2.34 5.67 3.61 2.35 5.66 2.35 4.1-.79 5.66-2.35S20 15.64 20 13.64 19.22 9.56 17.66 8M6 14c.01-2 .62-3.27 1.76-4.4L12 5.27l4.24 4.38C17.38 10.77 17.99 12 18 14z"
          />
        </svg>
        <span
          class="MuiTypography-root MuiTypography-body1 MuiTypography-gutterBottom css-zt1oku-MuiTypography-root"
        >
          60%
        </span>
      </div>
    </div>
  </div>
</DocumentFragment>
`;
